// Jest Snapshot v1, https://goo.gl/fbAQLP

exports[`Pokedex Page should be able to render without errors 1`] = `
<div>
  <div
    class="sc-fznKkj lbPMLS"
  >
    <div
      class="sc-fznZeY heAsA-d"
    >
      <h1>
        Pok√©dex
      </h1>
      <div
        class="sc-fznyAO gwRYLQ"
        style="width: 240px; height: 48px;"
      >
        <input
          placeholder="Search"
        />
        <svg
          fill="none"
          height="1em"
          stroke="currentColor"
          stroke-linecap="round"
          stroke-linejoin="round"
          stroke-width="2"
          viewBox="0 0 24 24"
          width="1em"
          xmlns="http://www.w3.org/2000/svg"
        >
          <circle
            cx="11"
            cy="11"
            r="8"
          />
          <line
            x1="21"
            x2="16.65"
            y1="21"
            y2="16.65"
          />
        </svg>
      </div>
    </div>
    <div
      class="sc-AxjAm StDqN"
    >
      <ul
        class="sc-AxirZ chGCDH"
      >
        <li
          class="sc-AxiKw hYtiYe"
          data-testid="list-item-Pikachu"
        >
          <div
            class="sc-AxhCb fjiAYs"
          >
            <img
              alt="Pikachu"
              class="sc-fzozJi ubzuZ"
              src="image"
            />
            <h2
              class="sc-AxhUy SGDKj"
            >
              Pikachu
            </h2>
            <p
              class="sc-AxgMl dccyOx"
            >
              #
              001
            </p>
          </div>
          <div
            class="sc-AxheI CIhFB"
          >
            <div
              class="sc-Axmtr kTUKtH"
            >
              <p
                class="sc-AxmLO irKRQn"
              >
                Electric
              </p>
            </div>
          </div>
        </li>
        <li
          class="sc-AxiKw hYtiYe"
          data-testid="list-item-Raichu"
        >
          <div
            class="sc-AxhCb fjiAYs"
          >
            <img
              alt="Raichu"
              class="sc-fzozJi ubzuZ"
              src="image"
            />
            <h2
              class="sc-AxhUy SGDKj"
            >
              Raichu
            </h2>
            <p
              class="sc-AxgMl dccyOx"
            >
              #
              002
            </p>
          </div>
          <div
            class="sc-AxheI CIhFB"
          >
            <div
              class="sc-Axmtr hguHGR"
            >
              <p
                class="sc-AxmLO irKRQn"
              >
                Normal
              </p>
            </div>
          </div>
        </li>
      </ul>
    </div>
  </div>
</div>
`;
